###############################################################################
#                                                                             #
# IAR ELF Linker V6.40.1.53790/W32 for ARM              03/Dec/2012  19:27:23 #
# Copyright 2007-2012 IAR Systems AB.                                         #
#                                                                             #
#    Output file  =  C:\StellarisWare\boards\ek-lm3s8962\pwmgen\ewarm\Exe\pwm #
#                    gen.out                                                  #
#    Map file     =  C:\StellarisWare\boards\ek-lm3s8962\pwmgen\ewarm\List\pw #
#                    mgen.map                                                 #
#    Command line =  C:\StellarisWare\boards\ek-lm3s8962\pwmgen\ewarm\Obj\pwm #
#                    gen.o C:\StellarisWare\boards\ek-lm3s8962\pwmgen\ewarm\O #
#                    bj\rit128x96x4.o C:\StellarisWare\boards\ek-lm3s8962\pwm #
#                    gen\ewarm\Obj\startup_ewarm.o                            #
#                    C:\StellarisWare\driverlib\ewarm-cm3\Exe\driverlib-cm3.a #
#                     --redirect _Printf=_PrintfTiny --redirect               #
#                    _Scanf=_ScanfSmall -o C:\StellarisWare\boards\ek-lm3s896 #
#                    2\pwmgen\ewarm\Exe\pwmgen.out --map                      #
#                    C:\StellarisWare\boards\ek-lm3s8962\pwmgen\ewarm\List\pw #
#                    mgen.map --config C:\StellarisWare\boards\ek-lm3s8962\pw #
#                    mgen\pwmgen.icf --semihosting --entry                    #
#                    __iar_program_start --vfe                                #
#                                                                             #
#                                                                             #
###############################################################################

*******************************************************************************
*** RUNTIME MODEL ATTRIBUTES
***

CppFlavor       = *
__SystemLibrary = DLib


*******************************************************************************
*** PLACEMENT SUMMARY
***

"A1":  place at start of [0x00000000-0x0003ffff] { ro section .intvec };
"P1":  place in [from 0x00000000 to 0x0003ffff] { ro };
"P2":  place in [from 0x20000000 to 0x2000ffff] { rw, block HEAP };

  Section          Kind        Address   Size  Object
  -------          ----        -------   ----  ------
"A1":                                    0xf0
  .intvec          const    0x00000000   0xf0  startup_ewarm.o [1]
                          - 0x000000f0   0xf0

"P1":                                   0xf18
  .text            ro code  0x000000f0  0x364  sysctl.o [4]
  .text            ro code  0x00000454  0x2a4  rit128x96x4.o [1]
  .text            ro code  0x000006f8   0x72  ssi.o [4]
  .text            ro code  0x0000076a   0x22  zero_init3.o [5]
  .text            ro code  0x0000078c  0x122  gpio.o [4]
  .text            ro code  0x000008b0  0x268  pwmgen.o [1]
  .text            ro code  0x00000b18   0x7e  pwm.o [4]
  .text            ro code  0x00000b98   0x56  timer.o [4]
  .text            ro code  0x00000bf0   0x28  systick.o [4]
  .text            ro code  0x00000c18   0x6c  interrupt.o [4]
  .text            ro code  0x00000c84    0x8  cpu.o [4]
  .rodata          const    0x00000c8c  0x1e2  rit128x96x4.o [1]
  .rodata          const    0x00000e70   0x6c  sysctl.o [4]
  .rodata          const    0x00000edc   0x50  rit128x96x4.o [1]
  .text            ro code  0x00000f2c   0x28  data_init3.o [5]
  .iar.init_table  const    0x00000f54   0x10  - Linker created -
  .rodata          const    0x00000f64   0x20  pwmgen.o [1]
  .text            ro code  0x00000f84   0x16  cmain.o [5]
  .text            ro code  0x00000f9a    0x4  low_level_init.o [3]
  .text            ro code  0x00000f9e    0x4  exit.o [3]
  .text            ro code  0x00000fa4    0xa  cexit.o [5]
  .text            ro code  0x00000fb0   0x14  exit.o [6]
  .rodata          const    0x00000fc4   0x14  interrupt.o [4]
  .rodata          const    0x00000fd8    0xc  rit128x96x4.o [1]
  .rodata          const    0x00000fe4    0xc  sysctl.o [4]
  .text            ro code  0x00000ff0    0xc  cstartup_M.o [5]
  .text            ro code  0x00000ffc    0xa  startup_ewarm.o [1]
  .rodata          const    0x00001006    0x0  zero_init3.o [5]
                          - 0x00001006  0xf16

"P2", part 1 of 2:                       0x30
  .bss             zero     0x20000000   0x20  pwmgen.o [1]
  .bss             zero     0x20000020    0x8  rit128x96x4.o [1]
  .bss             zero     0x20000028    0x4  pwmgen.o [1]
  .bss             zero     0x2000002c    0x4  rit128x96x4.o [1]
                          - 0x20000030   0x30

"P2", part 2 of 2:                      0x100
  .noinit          uninit   0x20000030  0x100  startup_ewarm.o [1]
                          - 0x20000130  0x100


*******************************************************************************
*** INIT TABLE
***

          Address     Size
          -------     ----
Zero (__iar_zero_init3)
    1 destination range, total size 0x30:
          0x20000000  0x30



*******************************************************************************
*** MODULE SUMMARY
***

    Module            ro code  ro data  rw data
    ------            -------  -------  -------
C:\StellarisWare\boards\ek-lm3s8962\pwmgen\ewarm\Obj: [1]
    pwmgen.o              616       32       36
    rit128x96x4.o         676      574       12
    startup_ewarm.o        10      240      256
    -------------------------------------------
    Total:              1 302      846      304

command line: [2]
    -------------------------------------------
    Total:

dl7M_tln.a: [3]
    exit.o                  4
    low_level_init.o        4
    -------------------------------------------
    Total:                  8

driverlib-cm3.a: [4]
    cpu.o                   8
    gpio.o                290
    interrupt.o           108       20
    pwm.o                 126
    ssi.o                 114
    sysctl.o              868      120
    systick.o              40
    timer.o                86
    -------------------------------------------
    Total:              1 640      140

rt7M_tl.a: [5]
    cexit.o                10
    cmain.o                22
    cstartup_M.o           12
    data_init3.o           40
    zero_init3.o           34
    -------------------------------------------
    Total:                118

shb_l.a: [6]
    exit.o                 20
    -------------------------------------------
    Total:                 20

    Gaps                   10        2
    Linker created                  16
-----------------------------------------------
    Grand Total:        3 098    1 004      304


*******************************************************************************
*** ENTRY LIST
***

Entry                      Address   Size  Type      Object
-----                      -------   ----  ----      ------
?main                   0x00000f85         Code  Gb  cmain.o [5]
CPUcpsie                0x00000c85    0x8  Code  Gb  cpu.o [4]
DebounceSelect          0x000008b1   0x54  Code  Gb  pwmgen.o [1]
FaultISR                0x00001003    0x2  Code  Lc  startup_ewarm.o [1]
Flags                   0x20000000    0x4  Data  Gb  pwmgen.o [1]
GPIODirModeSet          0x0000078d   0x28  Code  Gb  gpio.o [4]
GPIOPadConfigSet        0x000007b5   0x98  Code  Gb  gpio.o [4]
GPIOPinRead             0x0000084d    0x6  Code  Gb  gpio.o [4]
GPIOPinTypeGPIOInput    0x00000867   0x10  Code  Gb  gpio.o [4]
GPIOPinTypeGPIOOutput   0x00000877    0xa  Code  Gb  gpio.o [4]
GPIOPinTypePWM          0x0000089b    0xa  Code  Gb  gpio.o [4]
GPIOPinTypeSSI          0x000008a5    0xa  Code  Gb  gpio.o [4]
GPIOPinWrite            0x00000853    0x6  Code  Gb  gpio.o [4]
IntDefaultHandler       0x00001005    0x2  Code  Lc  startup_ewarm.o [1]
IntEnable               0x00000c23   0x56  Code  Gb  interrupt.o [4]
IntMasterEnable         0x00000c19    0xa  Code  Gb  interrupt.o [4]
NmiSR                   0x00001001    0x2  Code  Lc  startup_ewarm.o [1]
PWMGenConfigure         0x00000b19   0x2c  Code  Gb  pwm.o [4]
PWMGenEnable            0x00000b59    0x6  Code  Gb  pwm.o [4]
PWMGenPeriodSet         0x00000b45   0x14  Code  Gb  pwm.o [4]
PWMOutputState          0x00000b85   0x12  Code  Gb  pwm.o [4]
PWMPulseWidthSet        0x00000b5f   0x1e  Code  Gb  pwm.o [4]
PWM_Change              0x00000905   0x42  Code  Gb  pwmgen.o [1]
RIT128x96x4Clear        0x00000501   0x3c  Code  Gb  rit128x96x4.o [1]
RIT128x96x4Enable       0x000005ed   0x50  Code  Gb  rit128x96x4.o [1]
RIT128x96x4Init         0x0000064b   0x60  Code  Gb  rit128x96x4.o [1]
RIT128x96x4StringDraw   0x0000053d   0xa8  Code  Gb  rit128x96x4.o [1]
RITWriteCommand         0x00000455   0x4c  Code  Lc  rit128x96x4.o [1]
RITWriteData            0x000004ab   0x4c  Code  Lc  rit128x96x4.o [1]
Region$$Table$$Base     0x00000f54          --   Gb  - Linker created -
Region$$Table$$Limit    0x00000f64          --   Gb  - Linker created -
ResetISR                0x00000ffd    0x4  Code  Gb  startup_ewarm.o [1]
SSIBusy                 0x00000761    0xa  Code  Gb  ssi.o [4]
SSIConfigSetExpClk      0x000006f9   0x46  Code  Gb  ssi.o [4]
SSIDataPut              0x00000757    0xa  Code  Gb  ssi.o [4]
SSIDisable              0x0000074b    0xc  Code  Gb  ssi.o [4]
SSIEnable               0x0000073f    0xc  Code  Gb  ssi.o [4]
SysCtlClockGet          0x00000257  0x19c  Code  Gb  sysctl.o [4]
SysCtlClockSet          0x00000141  0x116  Code  Gb  sysctl.o [4]
SysCtlDelay             0x00000139    0x8  Code  Gb  sysctl.o [4]
SysCtlPWMClockSet       0x000003f3    0xa  Code  Gb  sysctl.o [4]
SysCtlPeripheralEnable  0x000000f1   0x1c  Code  Gb  sysctl.o [4]
SysTickEnable           0x00000bf1    0xc  Code  Gb  systick.o [4]
SysTickIntEnable        0x00000bfd    0xc  Code  Gb  systick.o [4]
SysTickIntHandler       0x0000096d   0x24  Code  Gb  pwmgen.o [1]
SysTickPeriodSet        0x00000c09    0x8  Code  Gb  systick.o [4]
Timer0IntHandler        0x00000947   0x26  Code  Gb  pwmgen.o [1]
TimerConfigure          0x00000ba5   0x26  Code  Gb  timer.o [4]
TimerEnable             0x00000b99    0xc  Code  Gb  timer.o [4]
TimerIntClear           0x00000beb    0x4  Code  Gb  timer.o [4]
TimerIntEnable          0x00000be1    0x4  Code  Gb  timer.o [4]
TimerLoadSet            0x00000bd1   0x10  Code  Gb  timer.o [4]
__cmain                 0x00000f85         Code  Gb  cmain.o [5]
__exit                  0x00000fb1   0x14  Code  Gb  exit.o [6]
__iar_data_init3        0x00000f2d   0x28  Code  Gb  data_init3.o [5]
__iar_program_start     0x00000ff1         Code  Gb  cstartup_M.o [5]
__iar_zero_init3        0x0000076b   0x22  Code  Gb  zero_init3.o [5]
__low_level_init        0x00000f9b    0x4  Code  Gb  low_level_init.o [3]
__vector_table          0x00000000   0xf0  Data  Gb  startup_ewarm.o [1]
_call_main              0x00000f91         Code  Gb  cmain.o [5]
_exit                   0x00000fa5         Code  Gb  cexit.o [5]
_main                   0x00000f97         Code  Gb  cmain.o [5]
current_period          0x20000018    0x4  Data  Gb  pwmgen.o [1]
exit                    0x00000f9f    0x4  Code  Gb  exit.o [3]
g_pucBuffer             0x20000020    0x8  Data  Lc  rit128x96x4.o [1]
g_pucFont               0x00000c8c  0x1e0  Data  Lc  rit128x96x4.o [1]
g_pucRIT128x96x4HorizontalInc
                        0x00000fd8    0x2  Data  Lc  rit128x96x4.o [1]
g_pucRIT128x96x4Init    0x00000edc   0x50  Data  Lc  rit128x96x4.o [1]
g_pucRIT128x96x4VerticalInc
                        0x00000e6c    0x2  Data  Lc  rit128x96x4.o [1]
g_pulEnRegs             0x00000fc4   0x14  Data  Lc  interrupt.o [4]
g_pulRCGCRegs           0x00000fe4    0xc  Data  Lc  sysctl.o [4]
g_pulXtals              0x00000e70   0x6c  Data  Lc  sysctl.o [4]
g_ulFlags               0x20000028    0x4  Data  Gb  pwmgen.o [1]
g_ulSSIFlags            0x2000002c    0x4  Data  Lc  rit128x96x4.o [1]
g_ulTickCount           0x20000004    0x4  Data  Gb  pwmgen.o [1]
lower_period            0x20000014    0x4  Data  Gb  pwmgen.o [1]
main                    0x00000a6d   0x6a  Code  Gb  pwmgen.o [1]
pulStack                0x20000030  0x100  Data  Lc  startup_ewarm.o [1]
pwm_init                0x00000991   0x96  Code  Gb  pwmgen.o [1]
ulPeriod                0x2000001c    0x4  Data  Gb  pwmgen.o [1]
up_down_but_init        0x00000a27   0x46  Code  Gb  pwmgen.o [1]
upper_period            0x20000010    0x4  Data  Gb  pwmgen.o [1]


[1] = C:\StellarisWare\boards\ek-lm3s8962\pwmgen\ewarm\Obj
[2] = command line
[3] = dl7M_tln.a
[4] = driverlib-cm3.a
[5] = rt7M_tl.a
[6] = shb_l.a

  3 098 bytes of readonly  code memory
  1 004 bytes of readonly  data memory
    304 bytes of readwrite data memory

Errors: none
Warnings: none
